// Jest Snapshot v1, https://goo.gl/fbAQLP

exports[`renders correctly 1`] = `
<div
  className="container-calculator"
>
  <h1
    className="title-page"
  >
    Let's do some math!
  </h1>
  <div
    className="calculator-container"
  >
    <div
      className="row"
    >
      <div
        className="screen"
      >
        <div
          className="input"
          id="screen"
        />
      </div>
    </div>
    <div
      className="row"
    >
      <div
        className="button dot"
        onClick={[Function]}
      >
        AC
      </div>
      <div
        className="button dot"
        onClick={[Function]}
      >
        +/-
      </div>
      <div
        className="button dot"
        onClick={[Function]}
      >
        %
      </div>
      <div
        className="button"
        onClick={[Function]}
      >
        /
      </div>
    </div>
    <div
      className="row"
    >
      <div
        className="number"
        onClick={[Function]}
      >
        7
      </div>
      <div
        className="number"
        onClick={[Function]}
      >
        8
      </div>
      <div
        className="number"
        onClick={[Function]}
      >
        9
      </div>
      <div
        className="button"
        onClick={[Function]}
      >
        x
      </div>
    </div>
    <div
      className="row"
    >
      <div
        className="number"
        onClick={[Function]}
      >
        4
      </div>
      <div
        className="number"
        onClick={[Function]}
      >
        5
      </div>
      <div
        className="number"
        onClick={[Function]}
      >
        6
      </div>
      <div
        className="button"
        onClick={[Function]}
      >
        -
      </div>
    </div>
    <div
      className="row"
    >
      <div
        className="number"
        onClick={[Function]}
      >
        1
      </div>
      <div
        className="number"
        onClick={[Function]}
      >
        2
      </div>
      <div
        className="number"
        onClick={[Function]}
      >
        3
      </div>
      <div
        className="button"
        onClick={[Function]}
      >
        +
      </div>
    </div>
    <div
      className="row"
    >
      <div
        className="number zero"
        onClick={[Function]}
      >
        0
      </div>
      <div
        className="button"
        onClick={[Function]}
      >
        .
      </div>
      <div
        className="button"
        onClick={[Function]}
      >
        =
      </div>
    </div>
  </div>
</div>
`;
